command: /home/lzt/LSGraph/DFGraph -f /home/lzt/graph500/converters/converters/RMAT-28.adj -bs 161061270
batch_pct: 1%
hostname: hacchead
cwd: /home/lzt/LSGraph
----------------------------------------
Partation edge: Total Time Elapsed: 2.825128 seconds
bulk load time: Total Time Elapsed: 43.618234 seconds
[DFGRAPH] graph construction update_time_ms=45723.91 construction Throughput=75123189.24 edges/s
[DFGRAPH] ====== SUMMARY ======
[DFGRAPH] graph=/home/lzt/graph500/converters/converters/RMAT-28.adj
[DFGRAPH] insert update_edges=161061270
[DFGRAPH] insert update_time_ms=1452.19
[DFGRAPH] inserting throughput=110909226.75 edges/s
[DFGRAPH] delete update_edges=161061270
[DFGRAPH] delete update_time_ms=386.03
[DFGRAPH] delete throughput=417224749.37 edges/s
[DFGRAPH] total update update_edges=322122540
[DFGRAPH] total update update_time_ms=1838.22
[DFGRAPH] total update throughput=175235721.27 edges/s
----------------------------------------
elapsed_seconds: 108
Validation...
Construct the Graph with Updates...
Comparison...
Validation Pass!
exit_code: 0
