[INFO] task=part2 resource utilization comparison
[INFO] algorithm=BFS
[INFO] baseline=GraFlex
[INFO] method=DFGraph
[INFO] metric=CLB used
[SECTION] GraFlex / BFS utilization report
Copyright 1986-2022 Xilinx, Inc. All Rights Reserved. Copyright 2022-2023 Advanced Micro Devices, Inc. All Rights Reserved.
---------------------------------------------------------------------------------------------------------------------------------------------
| Tool Version : Vivado v.2023.2 (lin64) Build 4029153 Fri Oct 13 20:13:54 MDT 2023
| Host         : fpga06 running 64-bit Ubuntu 22.04.5 LTS
| Command      : report_utilization -file full_util_routed.rpt -pb full_util_routed.pb
| Design       : level0_wrapper
| Device       : xcu55c-fsvh2892-2L-e
| Speed File   : -2L
| Design State : Routed
---------------------------------------------------------------------------------------------------------------------------------------------

Utilization Design Information

CLB Logic Distribution
-------------------------

+--------------------------------------------+--------+--------+------------+-----------+-------+
|                  Site Type                 |  Used  |  Fixed | Prohibited | Available | Util% |
+--------------------------------------------+--------+--------+------------+-----------+-------+
| CLB                                        | 90638 |      0 |          0 |    162960 | 55.62 |
|   CLBL                                     |  54572 |      0 |            |           |       |
|   CLBM                                     |  36066 |      0 |            |           |       |
| LUT as Logic                               | 279248 | 80341 |          0 |   1303680 | 21.42 |
|   using O5 output only                     |   5983 |        |            |           |       |
|   using O6 output only                     | 204868 |        |            |           |       |
|   using O5 and O6                          |  68397 |        |            |           |       |
| LUT as Memory                              |  66046 |   4439 |          0 |    600960 | 10.99 |
|   LUT as Distributed RAM                   |  35851 |   3767 |            |           |       |
|     using O5 output only                   |      0 |        |            |           |       |
|     using O6 output only                   |    689 |        |            |           |       |
|     using O5 and O6                        |  35162 |        |            |           |       |
|   LUT as Shift Register                    |  30195 |   672 |            |           |       |
|     using O5 output only                   |      0 |        |            |           |       |
|     using O6 output only                   |  14298 |        |            |           |       |
|     using O5 and O6                        |  15897 |        |            |           |       |
| CLB Registers                              | 539724 |      0 |          0 |   2607360 | 20.70 |
|   Register driven from within the CLB      | 265288 |        |            |           |       |
|   Register driven from outside the CLB     | 274436 |        |            |           |       |
|     LUT in front of the register is unused | 217049 |        |            |           |       |
|     LUT in front of the register is used   | 57387 |        |            |           |       |
| Unique Control Sets                        |  15285 |        |          0 |    325920 |  4.69 |
+--------------------------------------------+--------+--------+------------+-----------+-------+
* * Note: Available Control Sets calculated as Slices * 2, Review the Control Sets Report for more information regarding control sets.
[SECTION] DFGraph / BFS utilization report
Copyright 1986-2022 Xilinx, Inc. All Rights Reserved. Copyright 2022-2023 Advanced Micro Devices, Inc. All Rights Reserved.
---------------------------------------------------------------------------------------------------------------------------------------------
| Tool Version : Vivado v.2023.2 (lin64) Build 4029153 Fri Oct 13 20:13:54 MDT 2023
| Host         : fpga06 running 64-bit Ubuntu 22.04.5 LTS
| Command      : report_utilization -file full_util_routed.rpt -pb full_util_routed.pb
| Design       : level0_wrapper
| Device       : xcu55c-fsvh2892-2L-e
| Speed File   : -2L
| Design State : Routed
---------------------------------------------------------------------------------------------------------------------------------------------

Utilization Design Information

CLB Logic Distribution
-------------------------

+--------------------------------------------+--------+--------+------------+-----------+-------+
|                  Site Type                 |  Used  |  Fixed | Prohibited | Available | Util% |
+--------------------------------------------+--------+--------+------------+-----------+-------+
| CLB                                        | 72371 |      0 |          0 |    162960 | 44.41 |
|   CLBL                                     |  37340 |      0 |            |           |       |
|   CLBM                                     |  35031 |      0 |            |           |       |
| LUT as Logic                               | 244831 | 77795 |          0 |   1303680 | 18.78 |
|   using O5 output only                     |   3818 |        |            |           |       |
|   using O6 output only                     | 183978 |        |            |           |       |
|   using O5 and O6                          |  57035 |        |            |           |       |
| LUT as Memory                              |  53185 |   4363 |          0 |    600960 | 8.85 |
|   LUT as Distributed RAM                   |  30599 |   3214 |            |           |       |
|     using O5 output only                   |      0 |        |            |           |       |
|     using O6 output only                   |    536 |        |            |           |       |
|     using O5 and O6                        |  30063 |        |            |           |       |
|   LUT as Shift Register                    |  22586 |   1149 |            |           |       |
|     using O5 output only                   |      0 |        |            |           |       |
|     using O6 output only                   |  13281 |        |            |           |       |
|     using O5 and O6                        |  9305 |        |            |           |       |
| CLB Registers                              | 476886 |      0 |          0 |   2607360 | 18.29 |
|   Register driven from within the CLB      | 227622 |        |            |           |       |
|   Register driven from outside the CLB     | 249264 |        |            |           |       |
|     LUT in front of the register is unused | 177423 |        |            |           |       |
|     LUT in front of the register is used   | 71841 |        |            |           |       |
| Unique Control Sets                        |  10462 |        |          0 |    325920 |  3.21 |
+--------------------------------------------+--------+--------+------------+-----------+-------+
* * Note: Available Control Sets calculated as Slices * 2, Review the Control Sets Report for more information regarding control sets.
[DONE] BFS resource utilization comparison finished.
