[INFO] task=part2 resource utilization comparison
[INFO] algorithm=PageRank
[INFO] baseline=GraFlex
[INFO] method=DFGraph
[INFO] metric=CLB used
[SECTION] GraFlex / PageRank utilization report
Copyright 1986-2022 Xilinx, Inc. All Rights Reserved. Copyright 2022-2023 Advanced Micro Devices, Inc. All Rights Reserved.
---------------------------------------------------------------------------------------------------------------------------------------------
| Tool Version : Vivado v.2023.2 (lin64) Build 4029153 Fri Oct 13 20:13:54 MDT 2023
| Host         : fpga06 running 64-bit Ubuntu 22.04.5 LTS
| Command      : report_utilization -file full_util_routed.rpt -pb full_util_routed.pb
| Design       : level0_wrapper
| Device       : xcu55c-fsvh2892-2L-e
| Speed File   : -2L
| Design State : Routed
---------------------------------------------------------------------------------------------------------------------------------------------

Utilization Design Information

CLB Logic Distribution
-------------------------

+--------------------------------------------+--------+--------+------------+-----------+-------+
|                  Site Type                 |  Used  |  Fixed | Prohibited | Available | Util% |
+--------------------------------------------+--------+--------+------------+-----------+-------+
| CLB                                        | 125072 |      0 |          0 |    162960 | 76.75 |
|   CLBL                                     |  74765 |      0 |            |           |       |
|   CLBM                                     |  50307 |      0 |            |           |       |
| LUT as Logic                               | 379892 | 102034 |          0 |   1303680 | 29.14 |
|   using O5 output only                     |   7538 |        |            |           |       |
|   using O6 output only                     | 273089 |        |            |           |       |
|   using O5 and O6                          |  99265 |        |            |           |       |
| LUT as Memory                              |  87860 |   6127 |          0 |    600960 | 14.62 |
|   LUT as Distributed RAM                   |  48758 |   5236 |            |           |       |
|     using O5 output only                   |      0 |        |            |           |       |
|     using O6 output only                   |    964 |        |            |           |       |
|     using O5 and O6                        |  47794 |        |            |           |       |
|   LUT as Shift Register                    |  39102 |   891 |            |           |       |
|     using O5 output only                   |      0 |        |            |           |       |
|     using O6 output only                   |  19732 |        |            |           |       |
|     using O5 and O6                        |  19370 |        |            |           |       |
| CLB Registers                              | 744662 |      0 |          0 |   2607360 | 28.56 |
|   Register driven from within the CLB      | 355486 |        |            |           |       |
|   Register driven from outside the CLB     | 389176 |        |            |           |       |
|     LUT in front of the register is unused | 295187 |        |            |           |       |
|     LUT in front of the register is used   | 93989 |        |            |           |       |
| Unique Control Sets                        |  20174 |        |          0 |    325920 |  6.19 |
+--------------------------------------------+--------+--------+------------+-----------+-------+
* * Note: Available Control Sets calculated as Slices * 2, Review the Control Sets Report for more information regarding control sets.
[SECTION] DFGraph / PageRank utilization report
Copyright 1986-2022 Xilinx, Inc. All Rights Reserved. Copyright 2022-2023 Advanced Micro Devices, Inc. All Rights Reserved.
---------------------------------------------------------------------------------------------------------------------------------------------
| Tool Version : Vivado v.2023.2 (lin64) Build 4029153 Fri Oct 13 20:13:54 MDT 2023
| Host         : fpga06 running 64-bit Ubuntu 22.04.5 LTS
| Command      : report_utilization -file full_util_routed.rpt -pb full_util_routed.pb
| Design       : level0_wrapper
| Device       : xcu55c-fsvh2892-2L-e
| Speed File   : -2L
| Design State : Routed
---------------------------------------------------------------------------------------------------------------------------------------------

Utilization Design Information

CLB Logic Distribution
-------------------------

+--------------------------------------------+--------+--------+------------+-----------+-------+
|                  Site Type                 |  Used  |  Fixed | Prohibited | Available | Util% |
+--------------------------------------------+--------+--------+------------+-----------+-------+
| CLB                                        | 103478 |      0 |          0 |    162960 | 63.50 |
|   CLBL                                     |  53770 |      0 |            |           |       |
|   CLBM                                     |  49708 |      0 |            |           |       |
| LUT as Logic                               | 352640 | 101912 |          0 |   1303680 | 27.05 |
|   using O5 output only                     |   5345 |        |            |           |       |
|   using O6 output only                     | 263089 |        |            |           |       |
|   using O5 and O6                          |  84206 |        |            |           |       |
| LUT as Memory                              |  75625 |   5977 |          0 |    600960 | 12.58 |
|   LUT as Distributed RAM                   |  44368 |   4564 |            |           |       |
|     using O5 output only                   |      0 |        |            |           |       |
|     using O6 output only                   |    756 |        |            |           |       |
|     using O5 and O6                        |  43612 |        |            |           |       |
|   LUT as Shift Register                    |  31257 |   1413 |            |           |       |
|     using O5 output only                   |      0 |        |            |           |       |
|     using O6 output only                   |  18860 |        |            |           |       |
|     using O5 and O6                        |  12397 |        |            |           |       |
| CLB Registers                              | 705803 |      0 |          0 |   2607360 | 27.07 |
|   Register driven from within the CLB      | 322085 |        |            |           |       |
|   Register driven from outside the CLB     | 383718 |        |            |           |       |
|     LUT in front of the register is unused | 264360 |        |            |           |       |
|     LUT in front of the register is used   | 119358 |        |            |           |       |
| Unique Control Sets                        |  14847 |        |          0 |    325920 |  4.56 |
+--------------------------------------------+--------+--------+------------+-----------+-------+
* * Note: Available Control Sets calculated as Slices * 2, Review the Control Sets Report for more information regarding control sets.
[DONE] PageRank resource utilization comparison finished.
