Create the CSR for the selected graph and destory the raw graph data to release memory...
Graph /local-ssd/SNAP/snap-1.txt is loaded.
vertex num: 17.1M
edge num: 1046.9M
[INFO] Reordering graph...
[INFO] Balancing edges within partitions...
Initialize vertex property...
[INFO] Using device indices: 0,1,2,3
Initialize the accelerator(s) and create kernels...
Found Platform
Platform Name: Xilinx
INFO: Reading ./xclbin_hw_bfs/graph_fpga.hw.xilinx_u55c_gen3x16_xdma_3_202210_1.xclbin
Loading: './xclbin_hw_bfs/graph_fpga.hw.xilinx_u55c_gen3x16_xdma_3_202210_1.xclbin'
Trying to program device[0]: xilinx_u55c_gen3x16_xdma_base_3
Device[0]: program successful!
Creating a big kernel [bigKernelScatterGather:{bigKernelScatterGather_1}] for CU(1)
Creating a big kernel [bigKernelScatterGather:{bigKernelScatterGather_2}] for CU(2)
Creating a big kernel [bigKernelScatterGather:{bigKernelScatterGather_3}] for CU(3)
Creating a little kernel [littleKernelScatterGather:{littleKernelScatterGather_1}] for CU(1)
Creating a little kernel [littleKernelScatterGather:{littleKernelScatterGather_2}] for CU(2)
Creating a little kernel [littleKernelScatterGather:{littleKernelScatterGather_3}] for CU(3)
Creating a little kernel [littleKernelScatterGather:{littleKernelScatterGather_4}] for CU(4)
Creating a little kernel [littleKernelScatterGather:{littleKernelScatterGather_5}] for CU(5)
Creating a little kernel [littleKernelScatterGather:{littleKernelScatterGather_6}] for CU(6)
Creating a little kernel [littleKernelScatterGather:{littleKernelScatterGather_7}] for CU(7)
Creating a little kernel [littleKernelScatterGather:{littleKernelScatterGather_8}] for CU(8)
Creating a little kernel [littleKernelScatterGather:{littleKernelScatterGather_9}] for CU(9)
Creating a little kernel [littleKernelScatterGather:{littleKernelScatterGather_10}] for CU(10)
Creating a little kernel [littleKernelScatterGather:{littleKernelScatterGather_11}] for CU(11)
Creating the apply kernel [kernelApply:{kernelApply_1}]
Creating the hbm kernel [kernelHBMWrapper:{kernelHBMWrapper_1}]
Trying to program device[2]: xilinx_u55c_gen3x16_xdma_base_3
Device[2]: program successful!
Creating a big kernel [bigKernelScatterGather:{bigKernelScatterGather_1}] for CU(1)
Creating a big kernel [bigKernelScatterGather:{bigKernelScatterGather_2}] for CU(2)
Creating a big kernel [bigKernelScatterGather:{bigKernelScatterGather_3}] for CU(3)
Creating a little kernel [littleKernelScatterGather:{littleKernelScatterGather_1}] for CU(1)
Creating a little kernel [littleKernelScatterGather:{littleKernelScatterGather_2}] for CU(2)
Creating a little kernel [littleKernelScatterGather:{littleKernelScatterGather_3}] for CU(3)
Creating a little kernel [littleKernelScatterGather:{littleKernelScatterGather_4}] for CU(4)
Creating a little kernel [littleKernelScatterGather:{littleKernelScatterGather_5}] for CU(5)
Creating a little kernel [littleKernelScatterGather:{littleKernelScatterGather_6}] for CU(6)
Creating a little kernel [littleKernelScatterGather:{littleKernelScatterGather_7}] for CU(7)
Creating a little kernel [littleKernelScatterGather:{littleKernelScatterGather_8}] for CU(8)
Creating a little kernel [littleKernelScatterGather:{littleKernelScatterGather_9}] for CU(9)
Creating a little kernel [littleKernelScatterGather:{littleKernelScatterGather_10}] for CU(10)
Creating a little kernel [littleKernelScatterGather:{littleKernelScatterGather_11}] for CU(11)
Creating the apply kernel [kernelApply:{kernelApply_1}]
Creating the hbm kernel [kernelHBMWrapper:{kernelHBMWrapper_1}]
Trying to program device[3]: xilinx_u55c_gen3x16_xdma_base_3
Device[3]: program successful!
Creating a big kernel [bigKernelScatterGather:{bigKernelScatterGather_1}] for CU(1)
Creating a big kernel [bigKernelScatterGather:{bigKernelScatterGather_2}] for CU(2)
Creating a big kernel [bigKernelScatterGather:{bigKernelScatterGather_3}] for CU(3)
Creating a little kernel [littleKernelScatterGather:{littleKernelScatterGather_1}] for CU(1)
Creating a little kernel [littleKernelScatterGather:{littleKernelScatterGather_2}] for CU(2)
Creating a little kernel [littleKernelScatterGather:{littleKernelScatterGather_3}] for CU(3)
Creating a little kernel [littleKernelScatterGather:{littleKernelScatterGather_4}] for CU(4)
Creating a little kernel [littleKernelScatterGather:{littleKernelScatterGather_5}] for CU(5)
Creating a little kernel [littleKernelScatterGather:{littleKernelScatterGather_6}] for CU(6)
Creating a little kernel [littleKernelScatterGather:{littleKernelScatterGather_7}] for CU(7)
Creating a little kernel [littleKernelScatterGather:{littleKernelScatterGather_8}] for CU(8)
Creating a little kernel [littleKernelScatterGather:{littleKernelScatterGather_9}] for CU(9)
Creating a little kernel [littleKernelScatterGather:{littleKernelScatterGather_10}] for CU(10)
Creating a little kernel [littleKernelScatterGather:{littleKernelScatterGather_11}] for CU(11)
Creating the apply kernel [kernelApply:{kernelApply_1}]
Creating the hbm kernel [kernelHBMWrapper:{kernelHBMWrapper_1}]
Partitioning graph...
...
13th DP: 6th subP -> CU 4 : 15040 edges (0.00%)...
13th DP: 7th subP -> CU 3 : 9728 edges (0.00%)...
13th DP: 8th subP -> CU 2 : 9984 edges (0.00%)...
13th DP: 9th subP -> CU 1 : 8320 edges (0.00%)...
13th DP: 10th subP -> CU 0 : 2984 edges (0.00%)...
0th SP: 0th subP -> CU 11 : 7684096 edges (0.73%)...
0th SP: 1th subP -> CU 12 : 7094272 edges (0.68%)...
0th SP: 2th subP -> CU 13 : 2948600 edges (0.28%)...
1th SP: 0th subP -> CU 13 : 6746112 edges (0.64%)...
1th SP: 1th subP -> CU 12 : 6090752 edges (0.58%)...
1th SP: 2th subP -> CU 11 : 2318672 edges (0.22%)...
2th SP: 0th subP -> CU 11 : 3321856 edges (0.32%)...
2th SP: 1th subP -> CU 12 : 2318336 edges (0.22%)...
2th SP: 2th subP -> CU 13 : 710664 edges (0.07%)...
Enqueue kernels finished...
LITTLE_KERNEL finished...
BIG_KERNEL finished...
APPLY KERNEL finished...
HBM KERNEL finished...
[INFO] [DEV2] big kernel  executed sparse partitions 14, overall time 33.5731 ms;
[INFO] /local-ssd/SNAP/snap-1.txt,  numD: 39,  num_devices: 4,  e2e: 35.3216 ms;  Throught: 29514.3 MTEPS :
