[INFO] /local-ssd/SNAP/snap-2.el uses streamed huge-graph mode.
[INFO] algorithm: BFS
[INFO] dataset: SNAP-2
[INFO] vertex num: 16.8M
[INFO] edge num: 503.3M
[INFO] edges occupy 3839 MB capacity!
[INFO] vertices occupy 64 MB capacity!
[INFO] Combined: 3903 MB capacity!
[INFO] Using device indices: 0,1,2,3
Initialize the accelerator(s) and create kernels...
Found Platform
Platform Name: Xilinx
INFO: Reading ./xclbin_hw_bfs/graph_fpga.hw.xilinx_u55c_gen3x16_xdma_3_202210_1.xclbin
Trying to program device[0]: xilinx_u55c_gen3x16_xdma_base_3
Device[0]: program successful!
Creating a big kernel [bigKernelScatterGather:{bigKernelScatterGather_1}] for CU(1)
Creating a little kernel [littleKernelScatterGather:{littleKernelScatterGather_1}] for CU(1)
Creating the apply kernel [kernelApply:{kernelApply_1}]
Creating the hbm kernel [kernelHBMWrapper:{kernelHBMWrapper_1}]
Trying to program device[1]: xilinx_u55c_gen3x16_xdma_base_3
Device[1]: program successful!
Creating a big kernel [bigKernelScatterGather:{bigKernelScatterGather_2}] for CU(2)
Creating a little kernel [littleKernelScatterGather:{littleKernelScatterGather_2}] for CU(2)
Creating the apply kernel [kernelApply:{kernelApply_2}]
Creating the hbm kernel [kernelHBMWrapper:{kernelHBMWrapper_2}]

[HUGEGRAPH] ====== Configuration ======
[HUGEGRAPH] algorithm=BFS
[HUGEGRAPH] graph=/local-ssd/SNAP/snap-2.el
[HUGEGRAPH] dataset=SNAP-2
[HUGEGRAPH] num_vertex=16.8M  num_edge=503.3M
[HUGEGRAPH] chunk_size=8388608  K=10
[HUGEGRAPH] num_devices=4
[HUGEGRAPH] cpu_threads=32
[HUGEGRAPH] timing=hbm_event profiling (hardware)

[HUGEGRAPH] dst_tile=1 tiles=10 edges=503.3M kernel_time=34.28 ms
[HUGEGRAPH] dst_tile=2 tiles=10 edges=503.3M kernel_time=33.95 ms
[HUGEGRAPH] dst_tile=3 tiles=10 edges=503.3M kernel_time=34.11 ms

[HUGEGRAPH] ====== SUMMARY ======
[HUGEGRAPH] num_vertex=16.8M  num_edge=503.3M
[HUGEGRAPH] K=10  nonempty_tiles=100  tiles_processed=100
[HUGEGRAPH] Total kernel time (multi-device) =358.64 ms
[HUGEGRAPH] Kernel MTEPS (multi-device) =27780.0
[HUGEGRAPH] Kernel GTEPS (multi-device) =27.78
RESULT algorithm=BFS
RESULT dataset=SNAP-2
RESULT performance=27.78
[DONE] BFS on SNAP-2 throughput evaluation finished.
