Create the CSR for the selected graph and destory the raw graph data to release memory...
Graph /local-ssd/SNAP/snap-1.txt is loaded.
vertex num: 17.1M
edge num: 1046.9M
[INFO] Reordering graph...
[INFO] Balancing edges within partitions...
Initialize vertex property...
[INFO] Using device indices: 0,1,2,3
Initialize the accelerator(s) and create kernels...
Found Platform
Platform Name: Xilinx
INFO: Reading ./xclbin_hw_pr/graph_fpga.hw.xilinx_u55c_gen3x16_xdma_3_202210_1.xclbin
Loading: './xclbin_hw_pr/graph_fpga.hw.xilinx_u55c_gen3x16_xdma_3_202210_1.xclbin'
Trying to program device[0]: xilinx_u55c_gen3x16_xdma_base_3
Device[0]: program successful!
Creating a big kernel [bigKernelScatterGather:{bigKernelScatterGather_1}] for CU(1)
Creating a big kernel [bigKernelScatterGather:{bigKernelScatterGather_2}] for CU(2)
Creating a big kernel [bigKernelScatterGather:{bigKernelScatterGather_3}] for CU(3)
Creating a little kernel [littleKernelScatterGather:{littleKernelScatterGather_1}] for CU(1)
Creating a little kernel [littleKernelScatterGather:{littleKernelScatterGather_2}] for CU(2)
Creating a little kernel [littleKernelScatterGather:{littleKernelScatterGather_3}] for CU(3)
Creating a little kernel [littleKernelScatterGather:{littleKernelScatterGather_4}] for CU(4)
Creating a little kernel [littleKernelScatterGather:{littleKernelScatterGather_5}] for CU(5)
Creating a little kernel [littleKernelScatterGather:{littleKernelScatterGather_6}] for CU(6)
Creating a little kernel [littleKernelScatterGather:{littleKernelScatterGather_7}] for CU(7)
Creating a little kernel [littleKernelScatterGather:{littleKernelScatterGather_8}] for CU(8)
Creating a little kernel [littleKernelScatterGather:{littleKernelScatterGather_9}] for CU(9)
Creating a little kernel [littleKernelScatterGather:{littleKernelScatterGather_10}] for CU(10)
Creating a little kernel [littleKernelScatterGather:{littleKernelScatterGather_11}] for CU(11)
Creating the apply kernel [kernelApply:{kernelApply_1}]
Creating the hbm kernel [kernelHBMWrapper:{kernelHBMWrapper_1}]
Trying to program device[2]: xilinx_u55c_gen3x16_xdma_base_3
Device[2]: program successful!
Creating a big kernel [bigKernelScatterGather:{bigKernelScatterGather_1}] for CU(1)
Creating a big kernel [bigKernelScatterGather:{bigKernelScatterGather_2}] for CU(2)
Creating a big kernel [bigKernelScatterGather:{bigKernelScatterGather_3}] for CU(3)
Creating a little kernel [littleKernelScatterGather:{littleKernelScatterGather_1}] for CU(1)
Creating a little kernel [littleKernelScatterGather:{littleKernelScatterGather_2}] for CU(2)
Creating a little kernel [littleKernelScatterGather:{littleKernelScatterGather_3}] for CU(3)
Creating a little kernel [littleKernelScatterGather:{littleKernelScatterGather_4}] for CU(4)
Creating a little kernel [littleKernelScatterGather:{littleKernelScatterGather_5}] for CU(5)
Creating a little kernel [littleKernelScatterGather:{littleKernelScatterGather_6}] for CU(6)
Creating a little kernel [littleKernelScatterGather:{littleKernelScatterGather_7}] for CU(7)
Creating a little kernel [littleKernelScatterGather:{littleKernelScatterGather_8}] for CU(8)
Creating a little kernel [littleKernelScatterGather:{littleKernelScatterGather_9}] for CU(9)
Creating a little kernel [littleKernelScatterGather:{littleKernelScatterGather_10}] for CU(10)
Creating a little kernel [littleKernelScatterGather:{littleKernelScatterGather_11}] for CU(11)
Creating the apply kernel [kernelApply:{kernelApply_1}]
Creating the hbm kernel [kernelHBMWrapper:{kernelHBMWrapper_1}]
Trying to program device[3]: xilinx_u55c_gen3x16_xdma_base_3
Device[3]: program successful!
Creating a big kernel [bigKernelScatterGather:{bigKernelScatterGather_1}] for CU(1)
Creating a big kernel [bigKernelScatterGather:{bigKernelScatterGather_2}] for CU(2)
Creating a big kernel [bigKernelScatterGather:{bigKernelScatterGather_3}] for CU(3)
Creating a little kernel [littleKernelScatterGather:{littleKernelScatterGather_1}] for CU(1)
Creating a little kernel [littleKernelScatterGather:{littleKernelScatterGather_2}] for CU(2)
Creating a little kernel [littleKernelScatterGather:{littleKernelScatterGather_3}] for CU(3)
Creating a little kernel [littleKernelScatterGather:{littleKernelScatterGather_4}] for CU(4)
Creating a little kernel [littleKernelScatterGather:{littleKernelScatterGather_5}] for CU(5)
Creating a little kernel [littleKernelScatterGather:{littleKernelScatterGather_6}] for CU(6)
Creating a little kernel [littleKernelScatterGather:{littleKernelScatterGather_7}] for CU(7)
Creating a little kernel [littleKernelScatterGather:{littleKernelScatterGather_8}] for CU(8)
Creating a little kernel [littleKernelScatterGather:{littleKernelScatterGather_9}] for CU(9)
Creating a little kernel [littleKernelScatterGather:{littleKernelScatterGather_10}] for CU(10)
Creating a little kernel [littleKernelScatterGather:{littleKernelScatterGather_11}] for CU(11)
Creating the apply kernel [kernelApply:{kernelApply_1}]
Creating the hbm kernel [kernelHBMWrapper:{kernelHBMWrapper_1}]
Partitioning graph...
[AUTO-NUMD] Searching numD in [1, 60]...
[INFO] Paritioning dense paritions into subparitions...
[INFO] Merging sparse paritions...

...

7th DP: 2th subP -> CU 8 : 1633152 edges (0.16%)...
7th DP: 3th subP -> CU 7 : 1468416 edges (0.14%)...
7th DP: 4th subP -> CU 6 : 432128 edges (0.04%)...
7th DP: 5th subP -> CU 5 : 161280 edges (0.02%)...
7th DP: 6th subP -> CU 4 : 90240 edges (0.01%)...
7th DP: 7th subP -> CU 3 : 51264 edges (0.00%)...
7th DP: 8th subP -> CU 2 : 30656 edges (0.00%)...
7th DP: 9th subP -> CU 1 : 23680 edges (0.00%)...
7th DP: 10th subP -> CU 0 : 13096 edges (0.00%)...
8th DP: 0th subP -> CU 0 : 1584704 edges (0.15%)...
8th DP: 1th subP -> CU 1 : 1584704 edges (0.15%)...
8th DP: 2th subP -> CU 2 : 1584640 edges (0.15%)...
8th DP: 3th subP -> CU 3 : 1121280 edges (0.11%)...
8th DP: 4th subP -> CU 4 : 321152 edges (0.03%)...
8th DP: 5th subP -> CU 5 : 130496 edges (0.01%)...
8th DP: 6th subP -> CU 6 : 72320 edges (0.01%)...
8th DP: 7th subP -> CU 7 : 42944 edges (0.00%)...
8th DP: 8th subP -> CU 8 : 26816 edges (0.00%)...
8th DP: 9th subP -> CU 9 : 21824 edges (0.00%)...
8th DP: 10th subP -> CU 10 : 10944 edges (0.00%)...
9th DP: 0th subP -> CU 0 : 1498304 edges (0.14%)...
9th DP: 1th subP -> CU 1 : 1498304 edges (0.14%)...
9th DP: 2th subP -> CU 2 : 1243200 edges (0.12%)...
9th DP: 3th subP -> CU 3 : 339584 edges (0.03%)...
9th DP: 4th subP -> CU 4 : 130112 edges (0.01%)...
9th DP: 5th subP -> CU 5 : 71808 edges (0.01%)...
9th DP: 6th subP -> CU 6 : 40192 edges (0.00%)...
9th DP: 7th subP -> CU 7 : 23936 edges (0.00%)...
9th DP: 8th subP -> CU 8 : 19328 edges (0.00%)...
9th DP: 9th subP -> CU 9 : 17216 edges (0.00%)...
9th DP: 10th subP -> CU 10 : 3592 edges (0.00%)...
10th DP: 0th subP -> CU 10 : 1330368 edges (0.13%)...
10th DP: 1th subP -> CU 9 : 1041792 edges (0.10%)...
10th DP: 2th subP -> CU 8 : 243520 edges (0.02%)...
10th DP: 3th subP -> CU 7 : 96640 edges (0.01%)...
10th DP: 4th subP -> CU 6 : 47616 edges (0.00%)...
10th DP: 5th subP -> CU 5 : 29312 edges (0.00%)...
10th DP: 6th subP -> CU 4 : 19136 edges (0.00%)...
10th DP: 7th subP -> CU 3 : 11456 edges (0.00%)...
10th DP: 8th subP -> CU 2 : 11264 edges (0.00%)...
10th DP: 9th subP -> CU 1 : 9536 edges (0.00%)...
10th DP: 10th subP -> CU 0 : 3256 edges (0.00%)...
11th DP: 0th subP -> CU 0 : 1324928 edges (0.13%)...
11th DP: 1th subP -> CU 1 : 1001024 edges (0.10%)...
11th DP: 2th subP -> CU 2 : 225536 edges (0.02%)...
11th DP: 3th subP -> CU 3 : 91392 edges (0.01%)...
11th DP: 4th subP -> CU 4 : 45504 edges (0.00%)...
11th DP: 5th subP -> CU 5 : 28160 edges (0.00%)...
11th DP: 6th subP -> CU 6 : 17984 edges (0.00%)...
11th DP: 7th subP -> CU 7 : 10944 edges (0.00%)...
11th DP: 8th subP -> CU 8 : 10880 edges (0.00%)...
11th DP: 9th subP -> CU 9 : 9280 edges (0.00%)...
11th DP: 10th subP -> CU 10 : 3048 edges (0.00%)...
12th DP: 0th subP -> CU 0 : 1311808 edges (0.13%)...
12th DP: 1th subP -> CU 1 : 880128 edges (0.08%)...
12th DP: 2th subP -> CU 2 : 181504 edges (0.02%)...
12th DP: 3th subP -> CU 3 : 77952 edges (0.01%)...
12th DP: 4th subP -> CU 4 : 40640 edges (0.00%)...
12th DP: 5th subP -> CU 5 : 25152 edges (0.00%)...
12th DP: 6th subP -> CU 6 : 16192 edges (0.00%)...
12th DP: 7th subP -> CU 7 : 10176 edges (0.00%)...
12th DP: 8th subP -> CU 8 : 10176 edges (0.00%)...
12th DP: 9th subP -> CU 9 : 8640 edges (0.00%)...
12th DP: 10th subP -> CU 10 : 2920 edges (0.00%)...
13th DP: 0th subP -> CU 10 : 1304704 edges (0.12%)...
13th DP: 1th subP -> CU 9 : 809536 edges (0.08%)...
13th DP: 2th subP -> CU 8 : 159552 edges (0.02%)...
13th DP: 3th subP -> CU 7 : 71296 edges (0.01%)...
13th DP: 4th subP -> CU 6 : 38272 edges (0.00%)...
13th DP: 5th subP -> CU 5 : 23424 edges (0.00%)...
13th DP: 6th subP -> CU 4 : 15040 edges (0.00%)...
13th DP: 7th subP -> CU 3 : 9728 edges (0.00%)...
13th DP: 8th subP -> CU 2 : 9984 edges (0.00%)...
13th DP: 9th subP -> CU 1 : 8320 edges (0.00%)...
13th DP: 10th subP -> CU 0 : 2984 edges (0.00%)...
0th SP: 0th subP -> CU 11 : 7684096 edges (0.73%)...
0th SP: 1th subP -> CU 12 : 7094272 edges (0.68%)...
0th SP: 2th subP -> CU 13 : 2948600 edges (0.28%)...
1th SP: 0th subP -> CU 13 : 6746112 edges (0.64%)...
1th SP: 1th subP -> CU 12 : 6090752 edges (0.58%)...
1th SP: 2th subP -> CU 11 : 2318672 edges (0.22%)...
2th SP: 0th subP -> CU 11 : 3321856 edges (0.32%)...
2th SP: 1th subP -> CU 12 : 2318336 edges (0.22%)...
2th SP: 2th subP -> CU 13 : 710664 edges (0.07%)...
Enqueue kernels finished...
LITTLE_KERNEL finished...
BIG_KERNEL finished...
APPLY KERNEL finished...
HBM KERNEL finished...
[INFO] [DEV2] big kernel  executed sparse partitions 13, overall time 37.3135 ms;
[INFO] /local-ssd/SNAP/snap-1.txt,  numD: 41,  num_devices: 4,  e2e: 40.1287 ms;  Throught: 29504.1 MTEPS :
